// Jest Snapshot v1, https://goo.gl/fbAQLP

exports[`renders correctly 1`] = `
<View
  style={
    Object {
      "alignSelf": "stretch",
      "backgroundColor": "#333333",
      "flex": 1,
    }
  }
>
  <View
    style={
      Object {
        "flexDirection": "row",
        "justifyContent": "space-between",
        "padding": 10,
      }
    }
  >
    <View
      accessible={true}
      focusable={true}
      onClick={[Function]}
      onResponderGrant={[Function]}
      onResponderMove={[Function]}
      onResponderRelease={[Function]}
      onResponderTerminate={[Function]}
      onResponderTerminationRequest={[Function]}
      onStartShouldSetResponder={[Function]}
      style={
        Object {
          "opacity": 1,
        }
      }
    >
      <Text
        style={
          Object {
            "color": "#4db8ff",
            "fontSize": 17,
          }
        }
      >
        Restart
      </Text>
    </View>
    <View>
      <Text
        style={
          Object {
            "color": "white",
            "fontSize": 20,
          }
        }
      >
         STEPS : 
        0
      </Text>
    </View>
  </View>
  <View
    style={
      Object {
        "flex": 18,
        "justifyContent": "space-between",
        "padding": 10,
      }
    }
  >
    <View
      style={
        Object {
          "flex": 1,
          "flexDirection": "row",
        }
      }
    >
      <View
        style={
          Object {
            "alignItems": "center",
            "flex": 1,
          }
        }
      >
        <View
          accessible={true}
          focusable={true}
          onClick={[Function]}
          onResponderGrant={[Function]}
          onResponderMove={[Function]}
          onResponderRelease={[Function]}
          onResponderTerminate={[Function]}
          onResponderTerminationRequest={[Function]}
          onStartShouldSetResponder={[Function]}
        >
          <View
            style={
              Object {
                "alignItems": "center",
                "backgroundColor": "#4db8ff",
                "borderColor": "white",
                "borderRadius": 10,
                "borderWidth": 2,
                "height": 160,
                "justifyContent": "center",
                "marginBottom": 10,
                "width": 120,
              }
            }
          >
            <Text
              style={
                Object {
                  "color": "white",
                  "fontSize": 20,
                }
              }
            >
              ?
            </Text>
          </View>
        </View>
      </View>
      <View
        style={
          Object {
            "alignItems": "center",
            "flex": 1,
          }
        }
      >
        <View
          accessible={true}
          focusable={true}
          onClick={[Function]}
          onResponderGrant={[Function]}
          onResponderMove={[Function]}
          onResponderRelease={[Function]}
          onResponderTerminate={[Function]}
          onResponderTerminationRequest={[Function]}
          onStartShouldSetResponder={[Function]}
        >
          <View
            style={
              Object {
                "alignItems": "center",
                "backgroundColor": "#4db8ff",
                "borderColor": "white",
                "borderRadius": 10,
                "borderWidth": 2,
                "height": 160,
                "justifyContent": "center",
                "marginBottom": 10,
                "width": 120,
              }
            }
          >
            <Text
              style={
                Object {
                  "color": "white",
                  "fontSize": 20,
                }
              }
            >
              ?
            </Text>
          </View>
        </View>
      </View>
      <View
        style={
          Object {
            "alignItems": "center",
            "flex": 1,
          }
        }
      >
        <View
          accessible={true}
          focusable={true}
          onClick={[Function]}
          onResponderGrant={[Function]}
          onResponderMove={[Function]}
          onResponderRelease={[Function]}
          onResponderTerminate={[Function]}
          onResponderTerminationRequest={[Function]}
          onStartShouldSetResponder={[Function]}
        >
          <View
            style={
              Object {
                "alignItems": "center",
                "backgroundColor": "#4db8ff",
                "borderColor": "white",
                "borderRadius": 10,
                "borderWidth": 2,
                "height": 160,
                "justifyContent": "center",
                "marginBottom": 10,
                "width": 120,
              }
            }
          >
            <Text
              style={
                Object {
                  "color": "white",
                  "fontSize": 20,
                }
              }
            >
              ?
            </Text>
          </View>
        </View>
      </View>
    </View>
    <View
      style={
        Object {
          "flex": 1,
          "flexDirection": "row",
        }
      }
    >
      <View
        style={
          Object {
            "alignItems": "center",
            "flex": 1,
          }
        }
      >
        <View
          accessible={true}
          focusable={true}
          onClick={[Function]}
          onResponderGrant={[Function]}
          onResponderMove={[Function]}
          onResponderRelease={[Function]}
          onResponderTerminate={[Function]}
          onResponderTerminationRequest={[Function]}
          onStartShouldSetResponder={[Function]}
        >
          <View
            style={
              Object {
                "alignItems": "center",
                "backgroundColor": "#4db8ff",
                "borderColor": "white",
                "borderRadius": 10,
                "borderWidth": 2,
                "height": 160,
                "justifyContent": "center",
                "marginBottom": 10,
                "width": 120,
              }
            }
          >
            <Text
              style={
                Object {
                  "color": "white",
                  "fontSize": 20,
                }
              }
            >
              ?
            </Text>
          </View>
        </View>
      </View>
      <View
        style={
          Object {
            "alignItems": "center",
            "flex": 1,
          }
        }
      >
        <View
          accessible={true}
          focusable={true}
          onClick={[Function]}
          onResponderGrant={[Function]}
          onResponderMove={[Function]}
          onResponderRelease={[Function]}
          onResponderTerminate={[Function]}
          onResponderTerminationRequest={[Function]}
          onStartShouldSetResponder={[Function]}
        >
          <View
            style={
              Object {
                "alignItems": "center",
                "backgroundColor": "#4db8ff",
                "borderColor": "white",
                "borderRadius": 10,
                "borderWidth": 2,
                "height": 160,
                "justifyContent": "center",
                "marginBottom": 10,
                "width": 120,
              }
            }
          >
            <Text
              style={
                Object {
                  "color": "white",
                  "fontSize": 20,
                }
              }
            >
              ?
            </Text>
          </View>
        </View>
      </View>
      <View
        style={
          Object {
            "alignItems": "center",
            "flex": 1,
          }
        }
      >
        <View
          accessible={true}
          focusable={true}
          onClick={[Function]}
          onResponderGrant={[Function]}
          onResponderMove={[Function]}
          onResponderRelease={[Function]}
          onResponderTerminate={[Function]}
          onResponderTerminationRequest={[Function]}
          onStartShouldSetResponder={[Function]}
        >
          <View
            style={
              Object {
                "alignItems": "center",
                "backgroundColor": "#4db8ff",
                "borderColor": "white",
                "borderRadius": 10,
                "borderWidth": 2,
                "height": 160,
                "justifyContent": "center",
                "marginBottom": 10,
                "width": 120,
              }
            }
          >
            <Text
              style={
                Object {
                  "color": "white",
                  "fontSize": 20,
                }
              }
            >
              ?
            </Text>
          </View>
        </View>
      </View>
    </View>
    <View
      style={
        Object {
          "flex": 1,
          "flexDirection": "row",
        }
      }
    >
      <View
        style={
          Object {
            "alignItems": "center",
            "flex": 1,
          }
        }
      >
        <View
          accessible={true}
          focusable={true}
          onClick={[Function]}
          onResponderGrant={[Function]}
          onResponderMove={[Function]}
          onResponderRelease={[Function]}
          onResponderTerminate={[Function]}
          onResponderTerminationRequest={[Function]}
          onStartShouldSetResponder={[Function]}
        >
          <View
            style={
              Object {
                "alignItems": "center",
                "backgroundColor": "#4db8ff",
                "borderColor": "white",
                "borderRadius": 10,
                "borderWidth": 2,
                "height": 160,
                "justifyContent": "center",
                "marginBottom": 10,
                "width": 120,
              }
            }
          >
            <Text
              style={
                Object {
                  "color": "white",
                  "fontSize": 20,
                }
              }
            >
              ?
            </Text>
          </View>
        </View>
      </View>
      <View
        style={
          Object {
            "alignItems": "center",
            "flex": 1,
          }
        }
      >
        <View
          accessible={true}
          focusable={true}
          onClick={[Function]}
          onResponderGrant={[Function]}
          onResponderMove={[Function]}
          onResponderRelease={[Function]}
          onResponderTerminate={[Function]}
          onResponderTerminationRequest={[Function]}
          onStartShouldSetResponder={[Function]}
        >
          <View
            style={
              Object {
                "alignItems": "center",
                "backgroundColor": "#4db8ff",
                "borderColor": "white",
                "borderRadius": 10,
                "borderWidth": 2,
                "height": 160,
                "justifyContent": "center",
                "marginBottom": 10,
                "width": 120,
              }
            }
          >
            <Text
              style={
                Object {
                  "color": "white",
                  "fontSize": 20,
                }
              }
            >
              ?
            </Text>
          </View>
        </View>
      </View>
      <View
        style={
          Object {
            "alignItems": "center",
            "flex": 1,
          }
        }
      >
        <View
          accessible={true}
          focusable={true}
          onClick={[Function]}
          onResponderGrant={[Function]}
          onResponderMove={[Function]}
          onResponderRelease={[Function]}
          onResponderTerminate={[Function]}
          onResponderTerminationRequest={[Function]}
          onStartShouldSetResponder={[Function]}
        >
          <View
            style={
              Object {
                "alignItems": "center",
                "backgroundColor": "#4db8ff",
                "borderColor": "white",
                "borderRadius": 10,
                "borderWidth": 2,
                "height": 160,
                "justifyContent": "center",
                "marginBottom": 10,
                "width": 120,
              }
            }
          >
            <Text
              style={
                Object {
                  "color": "white",
                  "fontSize": 20,
                }
              }
            >
              ?
            </Text>
          </View>
        </View>
      </View>
    </View>
    <View
      style={
        Object {
          "flex": 1,
          "flexDirection": "row",
        }
      }
    >
      <View
        style={
          Object {
            "alignItems": "center",
            "flex": 1,
          }
        }
      >
        <View
          accessible={true}
          focusable={true}
          onClick={[Function]}
          onResponderGrant={[Function]}
          onResponderMove={[Function]}
          onResponderRelease={[Function]}
          onResponderTerminate={[Function]}
          onResponderTerminationRequest={[Function]}
          onStartShouldSetResponder={[Function]}
        >
          <View
            style={
              Object {
                "alignItems": "center",
                "backgroundColor": "#4db8ff",
                "borderColor": "white",
                "borderRadius": 10,
                "borderWidth": 2,
                "height": 160,
                "justifyContent": "center",
                "marginBottom": 10,
                "width": 120,
              }
            }
          >
            <Text
              style={
                Object {
                  "color": "white",
                  "fontSize": 20,
                }
              }
            >
              ?
            </Text>
          </View>
        </View>
      </View>
      <View
        style={
          Object {
            "alignItems": "center",
            "flex": 1,
          }
        }
      >
        <View
          accessible={true}
          focusable={true}
          onClick={[Function]}
          onResponderGrant={[Function]}
          onResponderMove={[Function]}
          onResponderRelease={[Function]}
          onResponderTerminate={[Function]}
          onResponderTerminationRequest={[Function]}
          onStartShouldSetResponder={[Function]}
        >
          <View
            style={
              Object {
                "alignItems": "center",
                "backgroundColor": "#4db8ff",
                "borderColor": "white",
                "borderRadius": 10,
                "borderWidth": 2,
                "height": 160,
                "justifyContent": "center",
                "marginBottom": 10,
                "width": 120,
              }
            }
          >
            <Text
              style={
                Object {
                  "color": "white",
                  "fontSize": 20,
                }
              }
            >
              ?
            </Text>
          </View>
        </View>
      </View>
      <View
        style={
          Object {
            "alignItems": "center",
            "flex": 1,
          }
        }
      >
        <View
          accessible={true}
          focusable={true}
          onClick={[Function]}
          onResponderGrant={[Function]}
          onResponderMove={[Function]}
          onResponderRelease={[Function]}
          onResponderTerminate={[Function]}
          onResponderTerminationRequest={[Function]}
          onStartShouldSetResponder={[Function]}
        >
          <View
            style={
              Object {
                "alignItems": "center",
                "backgroundColor": "#4db8ff",
                "borderColor": "white",
                "borderRadius": 10,
                "borderWidth": 2,
                "height": 160,
                "justifyContent": "center",
                "marginBottom": 10,
                "width": 120,
              }
            }
          >
            <Text
              style={
                Object {
                  "color": "white",
                  "fontSize": 20,
                }
              }
            >
              ?
            </Text>
          </View>
        </View>
      </View>
    </View>
  </View>
</View>
`;
